// Jest Snapshot v1, https://goo.gl/fbAQLP

exports[`My404Component matches the snapshot 1`] = `
<div>
  <h2>
    404 - Page not found.
  </h2>
</div>
`;
