// Jest Snapshot v1, https://goo.gl/fbAQLP

exports[`Forecast matches the snapshot 1`] = `
<section>
  <h2
    className="main-title"
  >
    Forecast
  </h2>
  <StatBlock
    hasChart={false}
    hasNums={true}
    stats={
      Object {
        "label1": "Sunrise",
        "label2": "Sunset",
        "stat1": "5:34",
        "stat2": "20:25",
      }
    }
    timestamps={
      Array [
        "22:",
        "23:",
        "0:",
        "1:",
        "2:",
        "3:",
        "4:",
        "5:",
        "6:",
        "7:",
      ]
    }
    title="sun cycle"
    type="sun"
  />
  <StatBlock
    hasChart={false}
    hasNums={true}
    stats={
      Object {
        "label1": "",
        "stat1": 1,
        "unit": "% FULL",
      }
    }
    timestamps={
      Array [
        "22:",
        "23:",
        "0:",
        "1:",
        "2:",
        "3:",
        "4:",
        "5:",
        "6:",
        "7:",
      ]
    }
    title="moon phase"
    type="moon"
  />
  <StatBlock
    hasChart={false}
    hasNums={true}
    stats={
      Object {
        "label1": "High",
        "label2": "Low",
        "stat1": "76.2",
        "stat2": "51.5",
        "unit": "°F",
      }
    }
    timestamps={
      Array [
        "22:",
        "23:",
        "0:",
        "1:",
        "2:",
        "3:",
        "4:",
        "5:",
        "6:",
        "7:",
      ]
    }
    title="high/low temp"
    type="temphilo"
  />
  <StatBlock
    hasChart={false}
    hasNums={true}
    stats={
      Object {
        "label1": "Distance",
        "label2": "Direction",
        "stat1": 0,
        "stat2": undefined,
        "unit": "miles",
      }
    }
    timestamps={
      Array [
        "22:",
        "23:",
        "0:",
        "1:",
        "2:",
        "3:",
        "4:",
        "5:",
        "6:",
        "7:",
      ]
    }
    title="storm risk"
    type="storm"
  />
  <h2
    className="main-title"
  >
    Hourly
  </h2>
  <StatBlock
    data={
      Array [
        "63.5",
        "60.8",
        "59.2",
        "58.5",
        "57.5",
        "55.3",
        "53.3",
        "51.6",
        "51.5",
        "56.1",
      ]
    }
    hasChart={true}
    hasNums={false}
    timestamps={
      Array [
        "22:",
        "23:",
        "0:",
        "1:",
        "2:",
        "3:",
        "4:",
        "5:",
        "6:",
        "7:",
      ]
    }
    title="temperature (°F)"
    type="temp"
  />
  <StatBlock
    data={
      Array [
        "53.0",
        "59.0",
        "61.0",
        "58.0",
        "59.0",
        "63.0",
        "65.0",
        "67.0",
        "66.0",
        "57.0",
      ]
    }
    hasChart={true}
    hasNums={false}
    timestamps={
      Array [
        "22:",
        "23:",
        "0:",
        "1:",
        "2:",
        "3:",
        "4:",
        "5:",
        "6:",
        "7:",
      ]
    }
    title="humidity (%)"
    type="humidity"
  />
  <StatBlock
    data={
      Array [
        1012.5,
        1011.82,
        1011.46,
        1011.81,
        1011.77,
        1011.93,
        1012.04,
        1012.18,
        1012.27,
        1012.16,
      ]
    }
    hasChart={true}
    hasNums={false}
    timestamps={
      Array [
        "22:",
        "23:",
        "0:",
        "1:",
        "2:",
        "3:",
        "4:",
        "5:",
        "6:",
        "7:",
      ]
    }
    title="pressure (lnhg)"
    type="pressure"
  />
  <StatBlock
    data={
      Array [
        46.02,
        46.18,
        45.62,
        43.9,
        43.12,
        43.09,
        41.91,
        40.93,
        40.39,
        41.03,
      ]
    }
    hasChart={true}
    hasNums={false}
    timestamps={
      Array [
        "22:",
        "23:",
        "0:",
        "1:",
        "2:",
        "3:",
        "4:",
        "5:",
        "6:",
        "7:",
      ]
    }
    title="dew point (°F)"
    type="dew"
  />
  <StatBlock
    data={
      Array [
        1.54,
        6.32,
        5.68,
        5.78,
        6.5,
        5.12,
        6.5,
        6.64,
        6.98,
        5.37,
      ]
    }
    hasChart={true}
    hasNums={false}
    timestamps={
      Array [
        "22:",
        "23:",
        "0:",
        "1:",
        "2:",
        "3:",
        "4:",
        "5:",
        "6:",
        "7:",
      ]
    }
    title="wind (M/SEC)"
    type="wind"
  />
</section>
`;
