// Jest Snapshot v1, https://goo.gl/fbAQLP

exports[`CurrentStats matches the snapshot 1`] = `"loading..."`;
